// Jest Snapshot v1, https://goo.gl/fbAQLP

exports[`main component snapshot testing 1`] = `
<div>
  <article>
    <h1>
      Game Note
    </h1>
    <p>
      Welcome: 
      test@gmail.com
    </p>
  </article>
</div>
`;
