// Jest Snapshot v1, https://goo.gl/fbAQLP

exports[`404 component snapshot testing 1`] = `
<article>
  <h1>
    404
  </h1>
</article>
`;
